[2026-06-11T02:44:36.572Z] GET /pages/checkout.html
[2026-06-11T02:44:36.604Z] GET /styles/theme.css
[2026-06-11T02:44:36.608Z] GET /styles/checkout.css
[2026-06-11T02:44:36.621Z] GET /assets/logo-full.png
[2026-06-11T02:44:36.624Z] GET /scripts/supabase-client.js
[2026-06-11T02:44:36.643Z] GET /scripts/checkout.js
[2026-06-11T02:44:36.782Z] GET /pages/entrar.html
[2026-06-11T02:44:36.806Z] GET /styles/entrar.css
[2026-06-11T02:44:36.812Z] GET /styles/theme.css
[2026-06-11T02:44:36.816Z] GET /assets/logo-full.png
[2026-06-11T02:44:36.820Z] GET /scripts/supabase-client.js
[2026-06-11T02:44:36.833Z] GET /scripts/entrar.js
[2026-06-11T02:44:36.906Z] GET /@vite/client
[2026-06-11T02:46:50.511Z] GET /
[2026-06-11T02:46:50.580Z] GET /
[2026-06-11T02:46:50.662Z] GET /styles/theme.css
[2026-06-11T02:46:50.665Z] GET /styles/inicio.css
[2026-06-11T02:46:50.669Z] GET /assets/logo-full.png
[2026-06-11T02:46:50.673Z] GET /scripts/supabase-client.js
[2026-06-11T02:46:50.675Z] GET /assets/logo-icon.png
[2026-06-11T02:46:50.677Z] GET /scripts/inicio.js
[2026-06-11T02:46:52.521Z] GET /entrar.html
[2026-06-11T02:46:52.581Z] GET /styles/entrar.css
[2026-06-11T02:46:52.584Z] GET /styles/theme.css
[2026-06-11T02:46:52.586Z] GET /assets/logo-full.png
[2026-06-11T02:46:52.589Z] GET /scripts/supabase-client.js
[2026-06-11T02:46:52.591Z] GET /scripts/entrar.js
[2026-06-11T02:46:52.622Z] GET /checkout.html
[2026-06-11T02:46:52.698Z] GET /styles/theme.css
[2026-06-11T02:46:52.701Z] GET /styles/checkout.css
[2026-06-11T02:46:52.704Z] GET /assets/logo-full.png
[2026-06-11T02:46:52.706Z] GET /scripts/supabase-client.js
[2026-06-11T02:46:52.718Z] GET /scripts/checkout.js
[2026-06-11T02:46:52.868Z] POST /api/mercadopago/preference
[2026-06-11T02:46:53.643Z] [MercadoPago Error] auto_return invalid. back_url.success must be defined
[2026-06-11T02:47:07.868Z] GET /checkout.html
[2026-06-11T02:47:07.925Z] GET /styles/theme.css
[2026-06-11T02:47:07.928Z] GET /styles/checkout.css
[2026-06-11T02:47:07.931Z] GET /assets/logo-full.png
[2026-06-11T02:47:07.932Z] GET /scripts/supabase-client.js
[2026-06-11T02:47:07.945Z] GET /scripts/checkout.js
[2026-06-11T02:47:07.973Z] POST /api/mercadopago/preference
[2026-06-11T02:47:08.493Z] [MercadoPago Error] auto_return invalid. back_url.success must be defined
[2026-06-11T02:48:44.171Z] GET /checkout.html
[2026-06-11T02:48:44.248Z] GET /styles/theme.css
[2026-06-11T02:48:44.251Z] GET /styles/checkout.css
[2026-06-11T02:48:44.255Z] GET /assets/logo-full.png
[2026-06-11T02:48:44.259Z] GET /scripts/supabase-client.js
[2026-06-11T02:48:44.276Z] GET /scripts/checkout.js
[2026-06-11T02:48:44.439Z] POST /api/mercadopago/preference
[2026-06-11T02:48:45.205Z] [MercadoPago Error] auto_return invalid. back_url.success must be defined
[2026-06-11T02:48:48.309Z] GET /
[2026-06-11T02:48:48.450Z] GET /styles/inicio.css
[2026-06-11T02:48:48.453Z] GET /styles/theme.css
[2026-06-11T02:48:48.456Z] GET /assets/logo-full.png
[2026-06-11T02:48:48.514Z] GET /
[2026-06-11T02:48:48.584Z] GET /styles/inicio.css
[2026-06-11T02:48:48.586Z] GET /styles/theme.css
[2026-06-11T02:48:48.589Z] GET /assets/logo-icon.png
[2026-06-11T02:48:48.591Z] GET /assets/logo-full.png
[2026-06-11T02:48:48.595Z] GET /scripts/supabase-client.js
[2026-06-11T02:48:48.597Z] GET /scripts/inicio.js
[2026-06-11T02:48:50.300Z] GET /entrar.html
[2026-06-11T02:48:50.353Z] GET /styles/entrar.css
[2026-06-11T02:48:50.356Z] GET /styles/theme.css
[2026-06-11T02:48:50.359Z] GET /assets/logo-full.png
[2026-06-11T02:48:50.362Z] GET /scripts/supabase-client.js
[2026-06-11T02:48:50.364Z] GET /scripts/entrar.js
[2026-06-11T02:48:50.389Z] GET /checkout.html
[2026-06-11T02:48:50.470Z] GET /styles/theme.css
[2026-06-11T02:48:50.473Z] GET /styles/checkout.css
[2026-06-11T02:48:50.475Z] GET /assets/logo-full.png
[2026-06-11T02:48:50.481Z] GET /scripts/supabase-client.js
[2026-06-11T02:48:50.493Z] GET /scripts/checkout.js
[2026-06-11T02:48:50.525Z] POST /api/mercadopago/preference
[2026-06-11T02:48:51.070Z] [MercadoPago Error] auto_return invalid. back_url.success must be defined
[2026-06-11T02:49:05.997Z] GET /checkout.html
[2026-06-11T02:49:06.063Z] GET /styles/theme.css
[2026-06-11T02:49:06.066Z] GET /styles/checkout.css
[2026-06-11T02:49:06.072Z] GET /assets/logo-full.png
[2026-06-11T02:49:06.075Z] GET /scripts/supabase-client.js
[2026-06-11T02:49:06.098Z] GET /scripts/checkout.js
[2026-06-11T02:49:06.115Z] POST /api/mercadopago/preference
[2026-06-11T02:49:06.655Z] [MercadoPago Error] auto_return invalid. back_url.success must be defined
[2026-06-11T02:49:42.671Z] GET /checkout.html
[2026-06-11T02:49:42.732Z] GET /styles/theme.css
[2026-06-11T02:49:42.739Z] GET /styles/checkout.css
[2026-06-11T02:49:42.742Z] GET /assets/logo-full.png
[2026-06-11T02:49:42.744Z] GET /scripts/supabase-client.js
[2026-06-11T02:49:42.759Z] GET /scripts/checkout.js
[2026-06-11T02:49:42.811Z] POST /api/mercadopago/preference
[2026-06-11T02:49:43.337Z] [MercadoPago Error] auto_return invalid. back_url.success must be defined
[2026-06-11T02:50:16.304Z] GET /checkout.html
[2026-06-11T02:50:16.391Z] GET /styles/theme.css
[2026-06-11T02:50:16.396Z] GET /styles/checkout.css
[2026-06-11T02:50:16.403Z] GET /assets/logo-full.png
[2026-06-11T02:50:16.407Z] GET /scripts/supabase-client.js
[2026-06-11T02:50:16.437Z] GET /scripts/checkout.js
[2026-06-11T02:50:16.487Z] POST /api/mercadopago/preference
[2026-06-11T02:50:17.199Z] [MercadoPago Error] auto_return invalid. back_url.success must be defined
[2026-06-11T02:50:19.501Z] GET /checkout.html
[2026-06-11T02:50:19.560Z] GET /styles/theme.css
[2026-06-11T02:50:19.564Z] GET /styles/checkout.css
[2026-06-11T02:50:19.568Z] GET /assets/logo-full.png
[2026-06-11T02:50:19.570Z] GET /scripts/supabase-client.js
[2026-06-11T02:50:19.587Z] GET /scripts/checkout.js
[2026-06-11T02:50:19.623Z] POST /api/mercadopago/preference
[2026-06-11T02:50:19.814Z] [MercadoPago Error] auto_return invalid. back_url.success must be defined
[2026-06-11T02:50:43.135Z] GET /checkout.html
[2026-06-11T02:50:43.191Z] GET /styles/theme.css
[2026-06-11T02:50:43.194Z] GET /styles/checkout.css
[2026-06-11T02:50:43.198Z] GET /assets/logo-full.png
[2026-06-11T02:50:43.200Z] GET /scripts/supabase-client.js
[2026-06-11T02:50:43.215Z] GET /scripts/checkout.js
[2026-06-11T02:50:43.258Z] POST /api/mercadopago/preference
[2026-06-11T02:50:43.777Z] [MercadoPago Error] auto_return invalid. back_url.success must be defined
[2026-06-11T02:50:48.569Z] GET /
[2026-06-11T02:50:48.697Z] GET /styles/inicio.css
[2026-06-11T02:50:48.699Z] GET /styles/theme.css
[2026-06-11T02:50:48.701Z] GET /assets/logo-full.png
[2026-06-11T02:50:48.716Z] GET /assets/logo-icon.png
[2026-06-11T02:50:48.719Z] GET /scripts/supabase-client.js
[2026-06-11T02:50:48.726Z] GET /scripts/inicio.js
[2026-06-11T02:50:50.273Z] GET /entrar.html
[2026-06-11T02:50:50.322Z] GET /styles/entrar.css
[2026-06-11T02:50:50.324Z] GET /styles/theme.css
[2026-06-11T02:50:50.326Z] GET /assets/logo-full.png
[2026-06-11T02:50:50.328Z] GET /scripts/supabase-client.js
[2026-06-11T02:50:50.331Z] GET /scripts/entrar.js
[2026-06-11T02:50:50.359Z] GET /checkout.html
[2026-06-11T02:50:50.439Z] GET /styles/theme.css
[2026-06-11T02:50:50.442Z] GET /styles/checkout.css
[2026-06-11T02:50:50.448Z] GET /assets/logo-full.png
[2026-06-11T02:50:50.452Z] GET /scripts/supabase-client.js
[2026-06-11T02:50:50.467Z] GET /scripts/checkout.js
[2026-06-11T02:50:50.566Z] POST /api/mercadopago/preference
[2026-06-11T02:50:51.119Z] [MercadoPago Error] auto_return invalid. back_url.success must be defined
[2026-06-11T02:53:28.322Z] GET /pages/entrar.html
[2026-06-11T02:53:28.424Z] GET /styles/entrar.css
[2026-06-11T02:53:28.428Z] GET /styles/theme.css
[2026-06-11T02:53:28.438Z] GET /assets/logo-full.png
[2026-06-11T02:53:28.441Z] GET /scripts/supabase-client.js
[2026-06-11T02:53:28.473Z] GET /scripts/entrar.js
[2026-06-11T02:53:28.569Z] GET /
[2026-06-11T02:53:28.675Z] GET /styles/inicio.css
[2026-06-11T02:53:28.677Z] GET /styles/theme.css
[2026-06-11T02:53:28.682Z] GET /assets/logo-full.png
[2026-06-11T02:53:28.720Z] GET /assets/logo-icon.png
[2026-06-11T02:53:28.726Z] GET /scripts/supabase-client.js
[2026-06-11T02:53:28.733Z] GET /scripts/inicio.js
[2026-06-11T02:53:29.022Z] GET /@vite/client
[2026-06-11T02:53:34.240Z] GET /
[2026-06-11T02:53:34.254Z] GET /styles/inicio.css
[2026-06-11T02:53:34.257Z] GET /styles/theme.css
[2026-06-11T02:53:34.258Z] GET /assets/logo-full.png
[2026-06-11T02:53:34.260Z] GET /assets/logo-icon.png
[2026-06-11T02:53:34.269Z] GET /scripts/supabase-client.js
[2026-06-11T02:53:34.273Z] GET /scripts/inicio.js
[2026-06-11T02:53:34.412Z] GET /@vite/client
[2026-06-11T02:53:39.689Z] GET /
[2026-06-11T02:53:39.774Z] GET /
[2026-06-11T02:53:39.841Z] GET /styles/inicio.css
[2026-06-11T02:53:39.845Z] GET /styles/theme.css
[2026-06-11T02:53:39.849Z] GET /assets/logo-full.png
[2026-06-11T02:53:39.851Z] GET /assets/logo-icon.png
[2026-06-11T02:53:39.855Z] GET /scripts/supabase-client.js
[2026-06-11T02:53:39.857Z] GET /scripts/inicio.js
[2026-06-11T02:53:41.538Z] GET /entrar.html
[2026-06-11T02:53:41.596Z] GET /styles/entrar.css
[2026-06-11T02:53:41.600Z] GET /styles/theme.css
[2026-06-11T02:53:41.602Z] GET /assets/logo-full.png
[2026-06-11T02:53:41.604Z] GET /scripts/supabase-client.js
[2026-06-11T02:53:41.607Z] GET /scripts/entrar.js
[2026-06-11T02:53:41.666Z] GET /checkout.html
[2026-06-11T02:53:41.728Z] GET /styles/theme.css
[2026-06-11T02:53:41.732Z] GET /styles/checkout.css
[2026-06-11T02:53:41.735Z] GET /assets/logo-full.png
[2026-06-11T02:53:41.738Z] GET /scripts/supabase-client.js
[2026-06-11T02:53:41.751Z] GET /scripts/checkout.js
[2026-06-11T02:53:41.800Z] POST /api/mercadopago/preference
[2026-06-11T02:53:42.384Z] [MercadoPago Error] auto_return invalid. back_url.success must be defined
[2026-06-11T02:53:45.217Z] GET /entrar.html
[2026-06-11T02:53:45.267Z] GET /styles/entrar.css
[2026-06-11T02:53:45.270Z] GET /styles/theme.css
[2026-06-11T02:53:45.273Z] GET /assets/logo-full.png
[2026-06-11T02:53:45.275Z] GET /scripts/supabase-client.js
[2026-06-11T02:53:45.279Z] GET /scripts/entrar.js
[2026-06-11T02:54:02.567Z] GET /tipo-usuario.html
[2026-06-11T02:54:02.630Z] GET /styles/tipo-usuario.css
[2026-06-11T02:54:02.632Z] GET /styles/theme.css
[2026-06-11T02:54:02.636Z] GET /assets/logo-full.png
[2026-06-11T02:54:02.638Z] GET /scripts/supabase-client.js
[2026-06-11T02:54:02.640Z] GET /scripts/tipo-usuario.js
[2026-06-11T02:54:03.603Z] GET /cadastro.html
[2026-06-11T02:54:03.647Z] GET /styles/cadastro.css
[2026-06-11T02:54:03.649Z] GET /styles/theme.css
[2026-06-11T02:54:03.652Z] GET /assets/logo-full.png
[2026-06-11T02:54:03.654Z] GET /scripts/supabase-client.js
[2026-06-11T02:54:03.656Z] GET /scripts/cadastro.js
[2026-06-11T02:54:18.867Z] GET /api/users
[2026-06-11T02:54:19.488Z] POST /api/register
[2026-06-11T02:54:20.948Z] GET /condominio_register.html
[2026-06-11T02:54:21.007Z] GET /styles/condominio_register.css
[2026-06-11T02:54:21.014Z] GET /styles/theme.css
[2026-06-11T02:54:21.017Z] GET /assets/logo-full.png
[2026-06-11T02:54:21.019Z] GET /scripts/supabase-client.js
[2026-06-11T02:54:21.022Z] GET /scripts/condominio_register.js
[2026-06-11T02:54:21.078Z] GET /checkout.html
[2026-06-11T02:54:21.153Z] GET /styles/theme.css
[2026-06-11T02:54:21.156Z] GET /styles/checkout.css
[2026-06-11T02:54:21.158Z] GET /assets/logo-full.png
[2026-06-11T02:54:21.161Z] GET /scripts/supabase-client.js
[2026-06-11T02:54:21.172Z] GET /scripts/checkout.js
[2026-06-11T02:54:21.244Z] POST /api/mercadopago/preference
[2026-06-11T02:54:21.801Z] [MercadoPago Error] auto_return invalid. back_url.success must be defined
[2026-06-11T02:54:26.007Z] GET /checkout.html
[2026-06-11T02:54:26.059Z] GET /styles/theme.css
[2026-06-11T02:54:26.061Z] GET /styles/checkout.css
[2026-06-11T02:54:26.063Z] GET /assets/logo-full.png
[2026-06-11T02:54:26.065Z] GET /scripts/supabase-client.js
[2026-06-11T02:54:26.077Z] GET /scripts/checkout.js
[2026-06-11T02:54:26.110Z] POST /api/mercadopago/preference
[2026-06-11T02:54:26.672Z] [MercadoPago Error] auto_return invalid. back_url.success must be defined
