[Server] Request: POST /api/mercadopago/preference
[Server] Request: POST /api/mercadopago/preference
[Server] Request: POST /api/mercadopago/preference
[Server] Request: POST /api/mercadopago/preference
[Server] Request: GET /
[Server] Request: GET /
[Server] Request: GET /styles/inicio.css
[Server] Request: GET /styles/theme.css
[Server] Request: GET /scripts/supabase-client.js
[Server] Request: GET /assets/logo-full.png
[Server] Request: GET /assets/logo-icon.png
[Server] Request: GET /scripts/inicio.js
[Server] Request: GET /entrar.html
[Server] Request: GET /styles/entrar.css
[Server] Request: GET /styles/theme.css
[Server] Request: GET /assets/logo-full.png
[Server] Request: GET /scripts/supabase-client.js
[Server] Request: GET /scripts/entrar.js
[Server] Request: GET /checkout.html
[Server] Request: GET /styles/theme.css
[Server] Request: GET /assets/logo-full.png
[Server] Request: GET /styles/checkout.css
[Server] Request: GET /scripts/supabase-client.js
[Server] Request: GET /scripts/checkout.js
[Server] Request: POST /api/mercadopago/preference
[Server] Request: GET /entrar.html
[Server] Request: GET /styles/entrar.css
[Server] Request: GET /styles/theme.css
[Server] Request: GET /assets/logo-full.png
[Server] Request: GET /scripts/supabase-client.js
[Server] Request: GET /scripts/entrar.js
[Server] Request: GET /api/users?email=giancarlo.vallerio%40gmail.com
[Server] Request: GET /checkout.html
[Server] Request: GET /styles/theme.css
[Server] Request: GET /styles/checkout.css
[Server] Request: GET /assets/logo-full.png
[Server] Request: GET /scripts/supabase-client.js
[Server] Request: GET /scripts/checkout.js
[Server] Request: POST /api/mercadopago/preference
[Server] Request: POST /api/mercadopago/preference
[Server] Request: POST /api/mercadopago/preference
[Server] Request: GET /checkout.html
[Server] Request: GET /styles/theme.css
[Server] Request: GET /styles/checkout.css
[Server] Request: GET /assets/logo-full.png
[Server] Request: GET /scripts/supabase-client.js
[Server] Request: GET /scripts/checkout.js
[Server] Request: POST /api/mercadopago/preference
[Server] Request: POST /api/mercadopago/preference
[Server] Request: POST /api/mercadopago/preference
[Server] Request: GET /
[Server] Request: GET /styles/inicio.css
[Server] Request: GET /styles/theme.css
[Server] Request: GET /assets/logo-full.png
[Server] Request: GET /scripts/supabase-client.js
[Server] Request: GET /scripts/inicio.js
[Server] Request: GET /assets/logo-icon.png
[Server] Request: GET /entrar.html
[Server] Request: GET /styles/entrar.css
[Server] Request: GET /styles/theme.css
[Server] Request: GET /scripts/supabase-client.js
[Server] Request: GET /assets/logo-full.png
[Server] Request: GET /scripts/entrar.js
[Server] Request: GET /api/users?email=giancarlo.vallerio%40gmail.com
[Server] Request: GET /checkout.html
[Server] Request: GET /styles/theme.css
[Server] Request: GET /styles/checkout.css
[Server] Request: GET /assets/logo-full.png
[Server] Request: GET /scripts/supabase-client.js
[Server] Request: GET /scripts/checkout.js
[Server] Request: POST /api/mercadopago/preference
